
> my-project@0.1.0 build E:\myprojects\healthcare
> next build

Γû▓ Next.js 16.2.6 (Turbopack)

  Creating an optimized production build ...
Γ£ô Compiled successfully in 84s
  Skipping validation of types
  Finished TypeScript config validation in 2.0s ...
  Collecting page data using 7 workers ...
  Generating static pages using 7 workers (0/16) ...
  Generating static pages using 7 workers (4/16) 
  Generating static pages using 7 workers (8/16) 
  Generating static pages using 7 workers (12/16) 
Γ£ô Generating static pages using 7 workers (16/16) in 9.5s
  Finalizing page optimization ...

Route (app)
Γöî Γùï /
Γö£ Γùï /_not-found
Γö£ Γùï /about
Γö£ Γùï /contact
Γö£ Γùï /leadership
Γö£ Γùï /products
Γö£ ΓùÅ /products/[slug]
Γöé Γö£ /products/bone-efc-tablet
Γöé Γö£ /products/nerve-efc-tablet
Γöé Γö£ /products/itracient-100-capsule
Γöé Γöö [+4 more paths]
Γö£ Γùï /services
Γöö Γùï /why-pharmefc


Γùï  (Static)  prerendered as static content
ΓùÅ  (SSG)     prerendered as static HTML (uses generateStaticParams)

